// Jest Snapshot v1, https://goo.gl/fbAQLP

exports[`offsetCurrentTimeFactory 1`] = `"03 May, 2017 03:53:44"`;
